1>2>#  -- primer jugador Persona1 --.
3>4>5>6>7>Jugador 1:  Persona1, Uruguay, 1 años
Jugada: 1 
Movimientos: Derecha Izquierda Arriba Abajo 
8>9>La jugador con id 1 NO está en el árbol de jugadores.
10>El árbol de jugadores está vacío.
11>#  -- segundo jugador Persona5 --.
12>13>14>15>16>#  -- tercer jugador Persona10 --.
17>18>19>20>21>#  -- cuarto jugador Persona20 --.
22>23>24>25>26>#  -- quinto jugador Persona15 --.
27>28>29>30>31>Comando no reconocido.
32>33>La jugador con id 10 NO está en el árbol de jugadores.
34>Jugador 5:  Persona5, Argentina, 55 años
Jugada: 1 
Movimientos: Derecha Izquierda Arriba Arriba 
Jugador 15:  Persona15, Argentina, 15 años
Jugada: 1 
Movimientos: Izquierda Izquierda Izquierda Izquierda 
Jugador 20:  Persona20, Argentina, 20 años
Jugada: 1 
Movimientos: Abajo Abajo Abajo Abajo 
35>36>El árbol de jugadores NO es perfecto.
37>#  -- quinto jugador Persona2 --.
38>39>40>41>42>El árbol de jugadores es perfecto.
43>44>Fin.
